// Jest Snapshot v1, https://goo.gl/fbAQLP

exports[`测试参数校验 1`] = `[Error: dns0 不能为空]`;
